Apr-08 12:02:11.903 [main] DEBUG nextflow.cli.Launcher - $> nextflow -q run /Users/mathob/git/github/warp/pipelines/nextflow/wgs/WholeGenomeGermlineSingleSampleFastq.nf -preview
Apr-08 12:02:11.943 [main] INFO  nextflow.cli.CmdRun - N E X T F L O W  ~  version 25.10.4
Apr-08 12:02:11.957 [main] DEBUG nextflow.plugin.PluginsFacade - Setting up plugin manager > mode=prod; embedded=false; plugins-dir=/Users/mathob/.nextflow/plugins; core-plugins: nf-amazon@3.4.4,nf-azure@1.20.2,nf-cloudcache@0.5.0,nf-codecommit@0.5.0,nf-console@1.3.0,nf-google@1.23.5,nf-k8s@1.2.2,nf-tower@1.17.5,nf-wave@1.16.1
Apr-08 12:02:11.973 [main] INFO  o.pf4j.DefaultPluginStatusProvider - Enabled plugins: []
Apr-08 12:02:11.973 [main] INFO  o.pf4j.DefaultPluginStatusProvider - Disabled plugins: []
Apr-08 12:02:11.975 [main] INFO  org.pf4j.DefaultPluginManager - PF4J version 3.12.0 in 'deployment' mode
Apr-08 12:02:11.985 [main] DEBUG nextflow.util.RetryConfig - Missing nextflow session - using default retry config
Apr-08 12:02:12.085 [main] INFO  org.pf4j.AbstractPluginManager - No plugins
Apr-08 12:02:12.102 [main] DEBUG nextflow.config.ConfigBuilder - Found config local: /Users/mathob/git/github/warp/pipelines/nextflow/wgs/nextflow.config
Apr-08 12:02:12.104 [main] DEBUG nextflow.config.ConfigBuilder - Parsing config file: /Users/mathob/git/github/warp/pipelines/nextflow/wgs/nextflow.config
Apr-08 12:02:12.117 [main] DEBUG nextflow.config.ConfigBuilder - Applying config profile: `standard`
Apr-08 12:02:12.502 [main] DEBUG nextflow.plugin.PluginsFacade - Plugins default=[]
Apr-08 12:02:12.503 [main] DEBUG nextflow.plugin.PluginsFacade - Plugins resolved requirement=[]
Apr-08 12:02:12.514 [main] DEBUG n.secret.LocalSecretsProvider - Secrets store: /Users/mathob/.nextflow/secrets/store.json
Apr-08 12:02:12.517 [main] DEBUG nextflow.secret.SecretsLoader - Discovered secrets providers: [nextflow.secret.LocalSecretsProvider@2c2a027c] - activable => nextflow.secret.LocalSecretsProvider@2c2a027c
Apr-08 12:02:12.525 [main] DEBUG nextflow.cli.CmdRun - Applied DSL=2 from script declaration
Apr-08 12:02:12.536 [main] INFO  nextflow.cli.CmdRun - * PREVIEW * null [amazing_allen] DSL2 - revision: 9b8e0cd30e
Apr-08 12:02:12.584 [main] DEBUG nextflow.Session - Session UUID: b5d121c7-3662-4ace-b30f-d4fba9b1c89d
Apr-08 12:02:12.584 [main] DEBUG nextflow.Session - Run name: amazing_allen
Apr-08 12:02:12.584 [main] DEBUG nextflow.Session - Executor pool size: 8
Apr-08 12:02:12.589 [main] DEBUG nextflow.file.FilePorter - File porter settings maxRetries=3; maxTransfers=50; pollTimeout=null
Apr-08 12:02:12.594 [main] DEBUG nextflow.util.ThreadPoolBuilder - Creating thread pool 'FileTransfer' minSize=10; maxSize=24; workQueue=LinkedBlockingQueue[-1]; allowCoreThreadTimeout=false
Apr-08 12:02:12.616 [main] DEBUG nextflow.cli.CmdRun - 
  Version: 25.10.4 build 11173
  Created: 10-02-2026 15:17 UTC (11-02-2026 02:17 AEDT)
  System: Mac OS X 15.7.3
  Runtime: Groovy 4.0.28 on Java HotSpot(TM) 64-Bit Server VM 18.0.1.1+2-6
  Encoding: UTF-8 (UTF-8)
  Process: 27688@C02GP1HWQ05F [10.1.170.102]
  CPUs: 8 - Mem: 8 GB (115.2 MB) - Swap: 8 GB (994.9 MB)
Apr-08 12:02:12.629 [main] DEBUG nextflow.Session - Work-dir: /Users/mathob/git/github/warp/pipelines/nextflow/wgs/work [Mac OS X]
Apr-08 12:02:12.629 [main] DEBUG nextflow.Session - Script base path does not exist or is not a directory: /Users/mathob/git/github/warp/pipelines/nextflow/wgs/bin
Apr-08 12:02:12.636 [main] DEBUG nextflow.executor.ExecutorFactory - Extension executors providers=[]
Apr-08 12:02:12.641 [main] DEBUG nextflow.Session - Observer factory (v2): LinObserverFactory
Apr-08 12:02:12.643 [main] DEBUG nextflow.Session - Observer factory (v2): DefaultObserverFactory
Apr-08 12:02:12.684 [main] DEBUG nextflow.cache.CacheFactory - Using Nextflow cache factory: nextflow.cache.DefaultCacheFactory
Apr-08 12:02:12.690 [main] DEBUG nextflow.util.CustomThreadPool - Creating default thread pool > poolSize: 9; maxThreads: 1000
Apr-08 12:02:12.727 [main] DEBUG nextflow.Session - Session start
Apr-08 12:02:12.730 [main] DEBUG nextflow.trace.TraceFileObserver - Workflow started -- trace file: results/pipeline_info/execution_trace.txt
Apr-08 12:02:12.947 [main] DEBUG nextflow.script.ScriptRunner - > Launching execution
Apr-08 12:02:12.953 [main] WARN  nextflow.script.ScriptBinding - Access to undefined parameter `input_fastq_r1` -- Initialise it to a default value eg. `params.input_fastq_r1 = some_value`
Apr-08 12:02:12.957 [main] DEBUG nextflow.script.ScriptRunner - Parsed script files:
  Script_73b86a12ae4c5140: /Users/mathob/git/github/warp/pipelines/nextflow/wgs/WholeGenomeGermlineSingleSampleFastq.nf
Apr-08 12:02:12.957 [main] DEBUG nextflow.Session - Session aborted -- Cause: Missing required parameter: input_fastq_r1
Apr-08 12:02:12.963 [main] DEBUG n.trace.WorkflowStatsObserver - Workflow completed > WorkflowStats[succeededCount=0; failedCount=0; ignoredCount=0; cachedCount=0; pendingCount=0; submittedCount=0; runningCount=0; retriesCount=0; abortedCount=0; succeedDuration=0ms; failedDuration=0ms; cachedDuration=0ms;loadCpus=0; loadMemory=0; peakRunning=0; peakCpus=0; peakMemory=0; ]
Apr-08 12:02:13.162 [main] DEBUG nextflow.trace.ReportObserver - Workflow completed -- rendering execution report
Apr-08 12:02:13.980 [main] DEBUG nextflow.trace.TimelineObserver - Workflow completed -- rendering execution timeline
Apr-08 12:02:14.059 [main] DEBUG nextflow.trace.TraceFileObserver - Workflow completed -- saving trace file
Apr-08 12:02:14.067 [main] ERROR nextflow.cli.Launcher - @unknown
nextflow.exception.WorkflowScriptErrorException: Missing required parameter: input_fastq_r1
	at org.codehaus.groovy.vmplugin.v8.IndyInterface.fromCache(IndyInterface.java:321)
	at nextflow.Nextflow.error(Nextflow.groovy:244)
	at org.codehaus.groovy.vmplugin.v8.IndyInterface.fromCache(IndyInterface.java:321)
	at Script_73b86a12ae4c5140.runScript(Script_73b86a12ae4c5140:106)
	at nextflow.script.BaseScript.run0(BaseScript.groovy:218)
	at nextflow.script.BaseScript.run(BaseScript.groovy:260)
	at nextflow.script.parser.v1.ScriptLoaderV1.runScript(ScriptLoaderV1.groovy:246)
	at nextflow.script.parser.v1.ScriptLoaderV1.runScript(ScriptLoaderV1.groovy)
	at nextflow.script.ScriptRunner.run(ScriptRunner.groovy:246)
	at nextflow.script.ScriptRunner.execute(ScriptRunner.groovy:139)
	at nextflow.cli.CmdRun.run(CmdRun.groovy:429)
	at nextflow.cli.Launcher.run(Launcher.groovy:515)
	at nextflow.cli.Launcher.main(Launcher.groovy:675)
